{
  "version": "1.5.0",
  "plugins_used": [
    {
      "name": "ArtifactoryDetector"
    },
    {
      "name": "AWSKeyDetector"
    },
    {
      "name": "AzureStorageKeyDetector"
    },
    {
      "name": "Base64HighEntropyString",
      "limit": 4.5
    },
    {
      "name": "BasicAuthDetector"
    },
    {
      "name": "CloudantDetector"
    },
    {
      "name": "DiscordBotTokenDetector"
    },
    {
      "name": "GitHubTokenDetector"
    },
    {
      "name": "GitLabTokenDetector"
    },
    {
      "name": "HexHighEntropyString",
      "limit": 3.0
    },
    {
      "name": "IbmCloudIamDetector"
    },
    {
      "name": "IbmCosHmacDetector"
    },
    {
      "name": "IPPublicDetector"
    },
    {
      "name": "JwtTokenDetector"
    },
    {
      "name": "KeywordDetector",
      "keyword_exclude": ""
    },
    {
      "name": "MailchimpDetector"
    },
    {
      "name": "NpmDetector"
    },
    {
      "name": "OpenAIDetector"
    },
    {
      "name": "PrivateKeyDetector"
    },
    {
      "name": "PypiTokenDetector"
    },
    {
      "name": "SendGridDetector"
    },
    {
      "name": "SlackDetector"
    },
    {
      "name": "SoftlayerDetector"
    },
    {
      "name": "SquareOAuthDetector"
    },
    {
      "name": "StripeDetector"
    },
    {
      "name": "TelegramBotTokenDetector"
    },
    {
      "name": "TwilioKeyDetector"
    }
  ],
  "filters_used": [
    {
      "path": "detect_secrets.filters.allowlist.is_line_allowlisted"
    },
    {
      "path": "detect_secrets.filters.common.is_ignored_due_to_verification_policies",
      "min_level": 2
    },
    {
      "path": "detect_secrets.filters.heuristic.is_indirect_reference"
    },
    {
      "path": "detect_secrets.filters.heuristic.is_likely_id_string"
    },
    {
      "path": "detect_secrets.filters.heuristic.is_lock_file"
    },
    {
      "path": "detect_secrets.filters.heuristic.is_not_alphanumeric_string"
    },
    {
      "path": "detect_secrets.filters.heuristic.is_potential_uuid"
    },
    {
      "path": "detect_secrets.filters.heuristic.is_prefixed_with_dollar_sign"
    },
    {
      "path": "detect_secrets.filters.heuristic.is_sequential_string"
    },
    {
      "path": "detect_secrets.filters.heuristic.is_swagger_file"
    },
    {
      "path": "detect_secrets.filters.heuristic.is_templated_secret"
    },
    {
      "path": "detect_secrets.filters.regex.should_exclude_file",
      "pattern": [
        "(openspec/|backend/tests/|.github/workflows/|node_modules/|__pycache__/|.git/|.venv/)"
      ]
    },
    {
      "path": "detect_secrets.filters.regex.should_exclude_line",
      "pattern": [
        "(test-secret|dev-secret|tu-clave-secreta)"
      ]
    }
  ],
  "results": {
    ".atl\\.skill-registry.cache.json": [
      {
        "type": "Hex High Entropy String",
        "filename": ".atl\\.skill-registry.cache.json",
        "hashed_secret": "06d59cb20bf63928d6cd1e9eae9a6490e10cb993",
        "is_verified": false,
        "line_number": 2
      }
    ],
    ".env.example": [
      {
        "type": "Basic Auth Credentials",
        "filename": ".env.example",
        "hashed_secret": "5baa61e4c9b93f3f0682250b6cf8331b7ee68fd8",
        "is_verified": false,
        "line_number": 35
      }
    ],
    "backend\\alembic\\versions\\18e5a409aac0_replace_inversiones_manual.py": [
      {
        "type": "Hex High Entropy String",
        "filename": "backend\\alembic\\versions\\18e5a409aac0_replace_inversiones_manual.py",
        "hashed_secret": "94ca56f00cdf8ec5dd5df0c6e1f81299af2bd2d4",
        "is_verified": false,
        "line_number": 18
      }
    ],
    "backend\\alembic\\versions\\72c61f0bb3d4_add_push_subscriptions.py": [
      {
        "type": "Hex High Entropy String",
        "filename": "backend\\alembic\\versions\\72c61f0bb3d4_add_push_subscriptions.py",
        "hashed_secret": "a4cd983818b996d8ed0f7554c41e453d5c153810",
        "is_verified": false,
        "line_number": 15
      }
    ],
    "backend\\alembic\\versions\\7bcdb08053e6_add_tipo_to_gastos_fijos.py": [
      {
        "type": "Hex High Entropy String",
        "filename": "backend\\alembic\\versions\\7bcdb08053e6_add_tipo_to_gastos_fijos.py",
        "hashed_secret": "f7e4f856bc2ecfd3619ebc54499a1a3cfb345262",
        "is_verified": false,
        "line_number": 15
      }
    ],
    "backend\\alembic\\versions\\a1b2c3d4e5f6_rename_expenses_to_movimientos_add_tipo.py": [
      {
        "type": "Hex High Entropy String",
        "filename": "backend\\alembic\\versions\\a1b2c3d4e5f6_rename_expenses_to_movimientos_add_tipo.py",
        "hashed_secret": "ef678205593788329ff416ce5c65fa04f33a05bd",
        "is_verified": false,
        "line_number": 15
      }
    ],
    "backend\\alembic\\versions\\a1b2c3d4e5f7_add_inversiones_tables.py": [
      {
        "type": "Hex High Entropy String",
        "filename": "backend\\alembic\\versions\\a1b2c3d4e5f7_add_inversiones_tables.py",
        "hashed_secret": "ca9fdd2f6c947ef15fe6c6e0bb3b1623d41c066a",
        "is_verified": false,
        "line_number": 16
      }
    ],
    "backend\\alembic\\versions\\a8f3b2c1d9e0_add_ciclos_and_medio_pago.py": [
      {
        "type": "Hex High Entropy String",
        "filename": "backend\\alembic\\versions\\a8f3b2c1d9e0_add_ciclos_and_medio_pago.py",
        "hashed_secret": "5e4ccc25a47f9cef1e49f43544835e3067c69667",
        "is_verified": false,
        "line_number": 14
      }
    ],
    "backend\\alembic\\versions\\b1c2d3e4f5a6_fix_ciclo_movimiento_fk_ondelete_set_null.py": [
      {
        "type": "Hex High Entropy String",
        "filename": "backend\\alembic\\versions\\b1c2d3e4f5a6_fix_ciclo_movimiento_fk_ondelete_set_null.py",
        "hashed_secret": "67e71f59c479818d8d271427edeaee49eae77ffe",
        "is_verified": false,
        "line_number": 14
      }
    ],
    "backend\\alembic\\versions\\b3f2a1c9d8e7_change_money_fields_float_to_numeric.py": [
      {
        "type": "Hex High Entropy String",
        "filename": "backend\\alembic\\versions\\b3f2a1c9d8e7_change_money_fields_float_to_numeric.py",
        "hashed_secret": "c693c408cc641148b7eea3fd7cf1a601c1702ae3",
        "is_verified": false,
        "line_number": 15
      }
    ],
    "backend\\alembic\\versions\\b4a50c6e16e5_remove_inversiones_manual.py": [
      {
        "type": "Hex High Entropy String",
        "filename": "backend\\alembic\\versions\\b4a50c6e16e5_remove_inversiones_manual.py",
        "hashed_secret": "f4102caff518e2c9c4ca0062335e96db7081d849",
        "is_verified": false,
        "line_number": 18
      }
    ],
    "backend\\alembic\\versions\\c2eec1d5af47_add_goal_contributions.py": [
      {
        "type": "Hex High Entropy String",
        "filename": "backend\\alembic\\versions\\c2eec1d5af47_add_goal_contributions.py",
        "hashed_secret": "a52c1782056a911fc22806db22989349a9bc8ae8",
        "is_verified": false,
        "line_number": 19
      }
    ],
    "backend\\alembic\\versions\\c4e3d2b1a0f9_fix_categoria_id_nullable_in_movimientos.py": [
      {
        "type": "Hex High Entropy String",
        "filename": "backend\\alembic\\versions\\c4e3d2b1a0f9_fix_categoria_id_nullable_in_movimientos.py",
        "hashed_secret": "c9b1104b717ee28b02ae5e310a79920f2ca44b7a",
        "is_verified": false,
        "line_number": 17
      }
    ],
    "backend\\alembic\\versions\\c5d4e3f2a1b0_add_porcentaje_ahorro_default.py": [
      {
        "type": "Hex High Entropy String",
        "filename": "backend\\alembic\\versions\\c5d4e3f2a1b0_add_porcentaje_ahorro_default.py",
        "hashed_secret": "d1d8647c055ab050cbad0ca3f84a51703c1c2e02",
        "is_verified": false,
        "line_number": 13
      }
    ],
    "backend\\alembic\\versions\\c9d8e7f6a5b4_create_wishlist_items_table.py": [
      {
        "type": "Hex High Entropy String",
        "filename": "backend\\alembic\\versions\\c9d8e7f6a5b4_create_wishlist_items_table.py",
        "hashed_secret": "e49a87002fda5d63b037deccfe0824da0e022290",
        "is_verified": false,
        "line_number": 19
      }
    ],
    "backend\\alembic\\versions\\d6f7a8b9c0d1_add_ciclo_commitment_reconciliation.py": [
      {
        "type": "Hex High Entropy String",
        "filename": "backend\\alembic\\versions\\d6f7a8b9c0d1_add_ciclo_commitment_reconciliation.py",
        "hashed_secret": "3a0de83276c8f096971bce619f4c350daaf8081c",
        "is_verified": false,
        "line_number": 15
      }
    ],
    "backend\\alembic\\versions\\d7e6f5a4b3c2_add_clasificacion_to_movimientos.py": [
      {
        "type": "Hex High Entropy String",
        "filename": "backend\\alembic\\versions\\d7e6f5a4b3c2_add_clasificacion_to_movimientos.py",
        "hashed_secret": "27ee6effcc3e8dc86fddae011cc572218dc310c9",
        "is_verified": false,
        "line_number": 13
      }
    ],
    "backend\\alembic\\versions\\f6a7b8c9d0e1_add_presupuesto_base_template.py": [
      {
        "type": "Hex High Entropy String",
        "filename": "backend\\alembic\\versions\\f6a7b8c9d0e1_add_presupuesto_base_template.py",
        "hashed_secret": "81b9ca8522e88e586b5db203d3135d5e5a1e6e4d",
        "is_verified": false,
        "line_number": 12
      }
    ],
    "backend\\alembic\\versions\\xxxx_replace_gasto_fijo_with_presupuesto.py": [
      {
        "type": "Hex High Entropy String",
        "filename": "backend\\alembic\\versions\\xxxx_replace_gasto_fijo_with_presupuesto.py",
        "hashed_secret": "c89572f568b9a89ca6329cf8c898fad615e565d9",
        "is_verified": false,
        "line_number": 15
      }
    ],
    "backend\\tests\\conftest.py": [
      {
        "type": "Secret Keyword",
        "filename": "backend\\tests\\conftest.py",
        "hashed_secret": "ab3eb0f868f05373c611a6c904ae319ff0772c0c",
        "is_verified": false,
        "line_number": 113
      }
    ],
    "backend\\tests\\test_auth.py": [
      {
        "type": "Secret Keyword",
        "filename": "backend\\tests\\test_auth.py",
        "hashed_secret": "a8a943b5f7a8a84fc0fcb1ea1856ff6f13f04c0f",
        "is_verified": false,
        "line_number": 15
      },
      {
        "type": "Secret Keyword",
        "filename": "backend\\tests\\test_auth.py",
        "hashed_secret": "067d1e413017dfe9d91aa08591b9a8de56c16a12",
        "is_verified": false,
        "line_number": 55
      },
      {
        "type": "Secret Keyword",
        "filename": "backend\\tests\\test_auth.py",
        "hashed_secret": "233e8345be81f2dd287afcf73f0e810cf7755747",
        "is_verified": false,
        "line_number": 62
      },
      {
        "type": "Secret Keyword",
        "filename": "backend\\tests\\test_auth.py",
        "hashed_secret": "2313bc11fd8968320f993857e123bdbc2826cbb7",
        "is_verified": false,
        "line_number": 169
      },
      {
        "type": "Secret Keyword",
        "filename": "backend\\tests\\test_auth.py",
        "hashed_secret": "0eb1d878af6aeb3692b56154cbd44062bdf8621c",
        "is_verified": false,
        "line_number": 191
      }
    ],
    "backend\\tests\\test_goal_contributions.py": [
      {
        "type": "Secret Keyword",
        "filename": "backend\\tests\\test_goal_contributions.py",
        "hashed_secret": "829c3804401b0727f70f73d4415e162400cbe57b",
        "is_verified": false,
        "line_number": 33
      },
      {
        "type": "Secret Keyword",
        "filename": "backend\\tests\\test_goal_contributions.py",
        "hashed_secret": "ab3eb0f868f05373c611a6c904ae319ff0772c0c",
        "is_verified": false,
        "line_number": 513
      }
    ],
    "backend\\tests\\test_push_integration.py": [
      {
        "type": "Secret Keyword",
        "filename": "backend\\tests\\test_push_integration.py",
        "hashed_secret": "7613b59a949601a036cd2b05bf713492493112c4",
        "is_verified": false,
        "line_number": 26
      }
    ],
    "backend\\tests\\test_wishlist.py": [
      {
        "type": "Secret Keyword",
        "filename": "backend\\tests\\test_wishlist.py",
        "hashed_secret": "ab3eb0f868f05373c611a6c904ae319ff0772c0c",
        "is_verified": false,
        "line_number": 55
      }
    ]
  },
  "generated_at": "2026-07-24T02:48:48Z"
}
